data/SalesDataCokeClassic.csv
CHAIN,store_type,year,week,L4,L5,VOL_EQ,PACKAGE,units,price,display_minor,display_major,feature_small,feature_medium,feature_large,coupon
161,GROC,2011,1653,COCA COLA CO,COKE CLASSIC,0.3521,BOTTLE,2024,1.774500988,0.082509881,0.491106719,0,0,0,0
161,GROC,2011,1654,COCA COLA CO,COKE CLASSIC,0.3521,BOTTLE,4158,1.500069745,0.08008658,0.872294372,0,1,0,0
161,GROC,2011,1655,COCA COLA CO,COKE CLASSIC,0.3521,BOTTLE,1665,1.782666667,0.067867868,0.493093093,0,0.897897898,0,0
161,GROC,2011,1656,COCA COLA CO,COKE CLASSIC,0.3521,BOTTLE,9997,1,0.054216265,0.766529959,0,1,0,0
161,GROC,2011,1657,COCA COLA CO,COKE CLASSIC,0.3521,BOTTLE,1810,1.781513812,0.06519337,0.487292818,0,0,0,0
161,GROC,2011,1658,COCA COLA CO,COKE CLASSIC,0.3521,BOTTLE,9502,1,0.051568091,0.947274258,0,0,1,0
161,GROC,2011,1659,COCA COLA CO,COKE CLASSIC,0.3521,BOTTLE,1827,1.778210181,0.078817734,0.48166393,0,0,0,0
161,GROC,2011,1660,COCA COLA CO,COKE CLASSIC,0.3521,BOTTLE,8847,1,0.066463208,0.639086696,0,0,1,0
161,GROC,2011,1661,COCA COLA CO,COKE CLASSIC,0.3521,BOTTLE,1735,1.777827089,0.080691643,0.414985591,0,0,0,0
161,GROC,2011,1662,COCA COLA CO,COKE CLASSIC,0.3521,BOTTLE,3574,1.497761612,0.076105204,0.648573027,0,1,0,0
161,GROC,2011,1663,COCA COLA CO,COKE CLASSIC,0.3521,BOTTLE,3196,1.500156446,0.090738423,0.751564456,1,0,0,0
161,GROC,2011,1664,COCA COLA CO,COKE CLASSIC,0.3521,BOTTLE,1558,1.78042362,0.071245186,0.449935815,0,0,0,0
161,GROC,2011,1665,COCA COLA CO,COKE CLASSIC,0.3521,BOTTLE,3528,1.497888322,0.077097506,0.586734694,0,1,0,0
161,GROC,2011,1666,COCA COLA CO,COKE CLASSIC,0.3521,BOTTLE,1853,1.779514301,0.164058284,0.329195899,0,0,0,0
161,GROC,2011,1667,COCA COLA CO,COKE CLASSIC,0.3521,BOTTLE,3777,1.500153561,0.086841409,0.749271909,0,1,0,0
161,GROC,2011,1668,COCA COLA CO,COKE CLASSIC,0.3521,BOTTLE,1852,1.786711663,0.074514039,0.521058315,0,0,0,0
161,GROC,2011,1669,COCA COLA CO,COKE CLASSIC,0.3521,BOTTLE,2007,1.778006976,0,0.39262581,0,0,0,0
161,GROC,2011,1670,COCA COLA CO,COKE CLASSIC,0.3521,BOTTLE,4321,1.25,0,0.935663041,0,1,0,0
161,GROC,2011,1671,COCA COLA CO,COKE CLASSIC,0.3521,BOTTLE,1362,1.780359765,0.101321586,0.453010279,0,0,0,0
161,GROC,2011,1672,COCA COLA CO,COKE CLASSIC,0.3521,BOTTLE,3308,1.500151149,0.108222491,0.550785973,0,1,0,0
161,GROC,2011,1673,COCA COLA CO,COKE CLASSIC,0.3521,BOTTLE,1677,1.780488968,0.086463924,0.45915325,0,1,0,0
161,GROC,2011,1674,COCA COLA CO,COKE CLASSIC,0.3521,BOTTLE,3770,1.499923077,0.083819629,0.296551724,0,0,1,0
161,GROC,2011,1675,COCA COLA CO,COKE CLASSIC,0.3521,BOTTLE,1578,1.780627376,0.086818758,0.374524715,0,0,0,0
161,GROC,2011,1676,COCA COLA CO,COKE CLASSIC,0.3521,BOTTLE,3815,1.499923984,0.077326343,0.731061599,0,1,0,0
161,GROC,2011,1677,COCA COLA CO,COKE CLASSIC,0.3521,BOTTLE,1504,1.781515957,0.07912234,0.478723404,0,0,0,0
161,GROC,2011,1678,COCA COLA CO,COKE CLASSIC,0.3521,BOTTLE,3503,1.5,0.181273194,0.423636883,0,1,0,0
161,GROC,2011,1679,COCA COLA CO,COKE CLASSIC,0.3521,BOTTLE,1666,1.772244898,0.088835534,0.31392557,0,0,0,0
161,GROC,2011,1680,COCA COLA CO,COKE CLASSIC,0.3521,BOTTLE,3945,1.5,0.077820025,0.581495564,0,1,0,0
161,GROC,2011,1681,COCA COLA CO,COKE CLASSIC,0.3521,BOTTLE,1839,1.784480696,0.073953235,0.644371941,0,0,0,0
161,GROC,2011,1682,COCA COLA CO,COKE CLASSIC,0.3521,BOTTLE,17810,1,0,0.94604155,0,0,1,0
161,GROC,2011,1683,COCA COLA CO,COKE CLASSIC,0.3521,BOTTLE,3174,1.500066163,0.069628229,0.520793951,0,1,0,0
161,GROC,2011,1684,COCA COLA CO,COKE CLASSIC,0.3521,BOTTLE,1841,1.779304726,0.219989136,0.431830527,0,0,0,0
161,GROC,2011,1685,COCA COLA CO,COKE CLASSIC,0.3521,BOTTLE,21540,0.89,0.047075209,0.79461467,0,0,1,0
161,GROC,2011,1686,COCA COLA CO,COKE CLASSIC,0.3521,BOTTLE,3683,1.778457779,0.076839533,0.528102091,0,0,0,0
